{"data":[],"perpage":15,"offset":0,"has_more":false,"morequery":{},"path_with_query":"/posts?"}