{"data":[{"id":1001,"relative_url":"/channels/channel-name","handle":"channel-name","dname":"channel followed by user","bio":"","avatar":"","banner":"","public":true,"listed":true,"membership":{"banned":false,"hidden":false,"follow":false}}],"perpage":15,"offset":0,"has_more":false,"morequery":{},"path_with_query":"/channels?ranked=1"}