{"data":[{"id":1000,"relative_url":"/channels/channel-name","handle":"channel-name","dname":"channel1","bio":"","avatar":"","banner":"","public":true,"listed":true,"membership":null}],"perpage":15,"offset":0,"has_more":false,"morequery":{},"path_with_query":"/channels?"}