<iframe width="600" height="338" src="https://www.youtube.com/embed/oHg5SJYRHA0?feature=oembed&enablejsapi=1\" frameborder="0" allow="accelerometer; autoplay; encrypted-media; gyroscope; picture-in-picture" allowfullscreen></iframe>